1943	
1944	
aburner2      
alcon	      
aliens	      
aliensyn      
androdun      
aodk	      
aof3	      
agallet	      
ar_xeon	      
arknoid2      
assault	      
asteroid      
astorm	      
avsp	      
baddudes      
bchopper      
berzerk	      
bionicc	      
blktiger      
bombjack      
bublbobl      
bzone	      
chasehq	      
columns	      
commando      
contcirc      
darius	      
dariusg	      
ddonpach      
ddragon2      
ddsom	      
defender      
dkong	      
donpachi      
driftout      
f15se	      
fatfury2      
ffight	      
frogger	      
fshark	      
galaga	      
galaxian      
garou	      
gaunt2	      
gforce2	      
ghouls	      
gng	      
gorf	      
gt98	      
gyruss	      
harddriv      
hitice	      
hydra	      
hyperspt      
invaders      
junglek	      
klax	      
kod	      
kof98
kungfum	      
magdrop3      
marble	      
mario	      
megaman2      
mercs	      
mf_bdash      
mk	      
mk3	      
mk4	      
mp_soni2      
mpatrol	      
mplanets      
mrdrillr      
msh	      
mslug	      
mslug5	      
nbajam	      
ninjaw	      
openice	      
opwolf	      
outrun	      
p47	      
pacmania      
pacman	      
parodius      
pbobble	      
pbobble4      
pc_smb	      
pdrift	      
pengo	      
pitfight      
plotting      
polepos	      
pong	      
punchout      
puyo	      
pzloop2	      
qbert	      
raiden	      
raiden2	      
raidendx      
rbisland      
ridgerac      
roadblst      
robocop	      
robotron      
rthunder      
rtype	      
rtype2	      
rtypeleo      
rungun	      
samsho3	      
sdfight	      
sf2ce	      
sfa	      
sfex	      
shangon	      
smashtv	      
soulclbr      
splatter      
spnchout      
ssideki3      
ssprint	      
starwars      
strider	      
stunrun	      
suprmrio      
sws92	      
tbowl	      
tekken	      
tetris	      
thndrbld      
timeplt	      
tmnt	      
trackfld      
unsquad	      
varth	      
vf	      
vr	      
vsav	      
wcbowl	      
wecleman      
willow	      
xenophob      
xmcota	      
xmultipl      
xmvsf	      
zaxxon
